// 重构日志: 3f618930
// 重构日志: 2224ad8c
// 重构日志: 62311f4e
// 重构日志: ad9407a8
// 重构日志: a83de4af
// 重构日志: 3b4a7666
// 同步 ID: 06c2f4a5 @ Thu Jul 16 12:17:28 UTC 2026
// 重构日志: 670cf80f
// 重构日志: 72cb6dd1
// 同步 ID: 91038f65 @ Tue Jul 21 06:56:09 UTC 2026
// 重构日志: 53575713
// 同步 ID: c542aa26 @ Sat Jul 25 07:14:20 UTC 2026
// 重构日志: 581bb813
// 重构日志: ebacd379
// 重构日志: 4d7a4bca
// 重构日志: 98298d64
// 重构日志: e069cdd9
// 重构日志: 8c56c0a6
// 同步 ID: fc25bb8f @ Wed Aug  5 12:47:18 UTC 2026
// 同步 ID: c5e96f30 @ Wed Aug  5 15:53:10 UTC 2026
// 重构日志: 5093be4f
// 重构日志: b5ed50fe
// 同步 ID: 9a71edd0 @ Thu Aug  6 05:13:28 UTC 2026
// 重构日志: 0d6ac678
// 重构日志: 2fe99020
// 同步 ID: 8f0d50a1 @ Fri Aug  7 05:53:47 UTC 2026
// 重构日志: b11e522c
// 同步 ID: e517a904 @ Fri Aug  7 16:55:06 UTC 2026
// 重构日志: e4006a01
